// Jest Snapshot v1, https://goo.gl/fbAQLP

exports[`Bigcity renders correctly 1`] = `
<div
  class="container pl-0"
>
  <div
    class="row"
  >
    <div
      class="col-6"
    >
      <h2>
        Shuzenji
      </h2>
      <div
        class="row"
      >
        <div
          class="col-3"
        >
          <img
            alt="icon"
            src="https://openweathermap.org/img/wn/01n@2x.png"
            width="100px"
          />
        </div>
        <h1
          class="col-6 my-auto display-1"
        >
          16°C
        </h1>
      </div>
    </div>
    <div
      class="col-6"
    >
      <div>
        <div
          class="alert alert-dark row px-0 mx-1"
        >
          <div
            class="col-6"
          >
            Ветер
          </div>
          <div
            class="col-6 text-right"
          >
            0.47 m/s
          </div>
        </div>
        <div
          class="alert alert-dark row px-0 mx-1"
        >
          <div
            class="col-6"
          >
            Облачность
          </div>
          <div
            class="col-6 text-right"
          >
            clear sky
          </div>
        </div>
        <div
          class="alert alert-dark row px-0 mx-1"
        >
          <div
            class="col-6"
          >
            Давление
          </div>
          <div
            class="col-6 text-right"
          >
            1009 hpa
          </div>
        </div>
        <div
          class="alert alert-dark row px-0 mx-1"
        >
          <div
            class="col-6"
          >
            Влажность
          </div>
          <div
            class="col-6 text-right"
          >
            92 %
          </div>
        </div>
        <div
          class="alert alert-dark row px-0 mx-1"
        >
          <div
            class="col-6"
          >
            Координаты
          </div>
          <div
            class="col-6 text-right"
          >
            [
            139, 35
            ]
          </div>
        </div>
      </div>
    </div>
  </div>
</div>
`;
