// Jest Snapshot v1, https://goo.gl/fbAQLP

exports[`SavedCity renders correctly with data 1`] = `
<div
  class="col-6"
>
  <div
    class="row"
  >
    <div
      class="col-6"
    >
      <h1>
        Shuzenji
      </h1>
    </div>
    <div
      class="col-6 text-right"
    >
      <button
        class="btn-circle"
        onClick={[Function]}
      >
        X
      </button>
    </div>
  </div>
  <h1
    class="my-auto"
  >
    16°C
  </h1>
  <img
    alt="icon"
    src="https://openweathermap.org/img/wn/01n@2x.png"
  />
  <CityCard
    json={
      Object {
        "base": "stations",
        "clouds": Object {
          "all": 2,
        },
        "cod": 200,
        "coord": Object {
          "lat": 35,
          "lon": 139,
        },
        "dt": 1560350192,
        "id": 1851632,
        "main": Object {
          "humidity": 92,
          "pressure": 1009,
          "temp": 289.92,
          "temp_max": 290.93,
          "temp_min": 288.71,
        },
        "name": "Shuzenji",
        "sys": Object {
          "country": "JP",
          "id": 2019346,
          "message": 0.0065,
          "sunrise": 1560281377,
          "sunset": 1560333478,
          "type": 3,
        },
        "timezone": 32400,
        "weather": Array [
          Object {
            "description": "clear sky",
            "icon": "01n",
            "id": 800,
            "main": "Clear",
          },
        ],
        "wind": Object {
          "deg": 107.538,
          "speed": 0.47,
        },
      }
    }
  />
</div>
`;

exports[`SavedCity renders correctly with error 1`] = `
<div
  class="col-6"
>
  <div
    class="row"
  >
    <div
      class="col-6"
    >
      Такого города в известной Вселенной нет
    </div>
    <div
      class="col-6 text-right"
    >
      <button
        class="btn-circle"
        onClick={[Function]}
      >
        X
      </button>
    </div>
  </div>
</div>
`;

exports[`SavedCity renders correctly with load 1`] = `
<div>
  <div>
    Shuzenji
  </div>
  <div>
    Подождите, данные загружаются
  </div>
  <div
    class="spinner-border m-5"
    role="status"
  >
    <span
      class="sr-only"
    >
      Loading...
    </span>
  </div>
</div>
`;
